#-----------------------------------------------------------
# Vivado v2023.2 (64-bit)
# SW Build 4029153 on Fri Oct 13 20:14:34 MDT 2023
# IP Build 4028589 on Sat Oct 14 00:45:43 MDT 2023
# SharedData Build 4025554 on Tue Oct 10 17:18:54 MDT 2023
# Start of session at: Sun Mar 17 19:39:38 2024
# Process ID: 28460
# Current directory: C:/Users/Jonas/OneDrive/JugendForscht/FPGAQuantumComputerSimulatorAccelerator/HardwareArchitectureQuantumComputerSimulator/QuantumComputerSimulatorHardwareArchitecture.runs/ClockGenerator_synth_1
# Command line: vivado.exe -log ClockGenerator.vds -product Vivado -mode batch -messageDb vivado.pb -notrace -source ClockGenerator.tcl
# Log file: C:/Users/Jonas/OneDrive/JugendForscht/FPGAQuantumComputerSimulatorAccelerator/HardwareArchitectureQuantumComputerSimulator/QuantumComputerSimulatorHardwareArchitecture.runs/ClockGenerator_synth_1/ClockGenerator.vds
# Journal file: C:/Users/Jonas/OneDrive/JugendForscht/FPGAQuantumComputerSimulatorAccelerator/HardwareArchitectureQuantumComputerSimulator/QuantumComputerSimulatorHardwareArchitecture.runs/ClockGenerator_synth_1\vivado.jou
# Running On: Jonas-PC, OS: Windows, CPU Frequency: 3400 MHz, CPU Physical cores: 16, Host memory: 34240 MB
#-----------------------------------------------------------
source ClockGenerator.tcl -notrace
